load("@rules_scala//scala:scala.bzl", "scala_test")

scala_test(
    name = "test",
    srcs = ["HelloJsonHelperTest.scala"],
    visibility = ["//:__subpackages__"],
    deps = [
        "//example_module/src/main/scala/com/example/library2",
        "@maven//:org_scalatest_scalatest_funsuite_2_12",
    ],
)
